[      71ms] [ERROR] Failed to load resource: the server responded with a status of 404 (File not found) @ http://localhost:8090/snm-hp/asset/css/vendor/swiper-bundle.min.css:0
[      72ms] [ERROR] Failed to load resource: the server responded with a status of 404 (File not found) @ http://localhost:8090/snm-hp/asset/css/tokens.css:0
[      72ms] [ERROR] Failed to load resource: the server responded with a status of 404 (File not found) @ http://localhost:8090/snm-hp/asset/css/base.css:0
[      74ms] [ERROR] Failed to load resource: the server responded with a status of 404 (File not found) @ http://localhost:8090/snm-hp/asset/css/components.css:0
[      74ms] [ERROR] Failed to load resource: the server responded with a status of 404 (File not found) @ http://localhost:8090/snm-hp/asset/css/motion.css:0
[      75ms] [ERROR] Failed to load resource: the server responded with a status of 404 (File not found) @ http://localhost:8090/snm-hp/asset/css/pages/school.css:0
[      75ms] [ERROR] Failed to load resource: the server responded with a status of 404 (File not found) @ http://localhost:8090/snm-hp/asset/img/school/study/2026/mv-img.jpg:0
[      76ms] [ERROR] Failed to load resource: the server responded with a status of 404 (File not found) @ http://localhost:8090/snm-hp/asset/img/school/study/mv-catch.png:0
[      77ms] [ERROR] Failed to load resource: the server responded with a status of 404 (File not found) @ http://localhost:8090/snm-hp/asset/img/school/study/mv-bg.jpg:0
[      78ms] [ERROR] Failed to load resource: the server responded with a status of 404 (File not found) @ http://localhost:8090/snm-hp/asset/img/share/logo.png:0
[      79ms] [ERROR] Failed to load resource: the server responded with a status of 404 (File not found) @ http://localhost:8090/snm-hp/asset/img/school/study/2026/anchor-deco01.png:0
[      80ms] [ERROR] Failed to load resource: the server responded with a status of 404 (File not found) @ http://localhost:8090/snm-hp/asset/img/school/study/2026/anchor-deco02.png:0
[      85ms] [ERROR] Failed to load resource: the server responded with a status of 404 (File not found) @ http://localhost:8090/snm-hp/asset/js/vendor/gsap.min.js:0
[      87ms] [ERROR] Failed to load resource: the server responded with a status of 404 (File not found) @ http://localhost:8090/snm-hp/asset/js/vendor/ScrollTrigger.min.js:0
[      89ms] [ERROR] Failed to load resource: the server responded with a status of 404 (File not found) @ http://localhost:8090/snm-hp/asset/js/vendor/swiper-bundle.min.js:0
[      90ms] [ERROR] Failed to load resource: the server responded with a status of 404 (File not found) @ http://localhost:8090/snm-hp/asset/js/main.js:0
[      93ms] [ERROR] Failed to load resource: the server responded with a status of 404 (File not found) @ http://localhost:8090/snm-hp/asset/js/motion/reveal.js:0
[      94ms] [ERROR] Failed to load resource: the server responded with a status of 404 (File not found) @ http://localhost:8090/snm-hp/asset/js/motion/counter.js:0
[      96ms] [ERROR] Failed to load resource: the server responded with a status of 404 (File not found) @ http://localhost:8090/snm-hp/asset/js/motion/hero.js:0
[      97ms] [ERROR] Failed to load resource: the server responded with a status of 404 (File not found) @ http://localhost:8090/snm-hp/asset/js/motion/sparkle.js:0
[     535ms] [ERROR] Failed to load resource: the server responded with a status of 404 (File not found) @ http://localhost:8090/snm-hp/asset/img/share/2025/site-catch.png:0
[     536ms] [ERROR] Failed to load resource: the server responded with a status of 404 (File not found) @ http://localhost:8090/snm-hp/asset/img/school/study/campus-title-en.png:0
[     536ms] [ERROR] Failed to load resource: the server responded with a status of 404 (File not found) @ http://localhost:8090/snm-hp/asset/img/share/logo.png:0
[   44766ms] [ERROR] Failed to load resource: the server responded with a status of 404 (File not found) @ http://localhost:8090/snm-hp/asset/img/school/study/2025/campus-title.png:0
